[jake11price1.weebly.com/index.html]
[jake11price1.weebly.com/gdpr/gdprscript1934.js]
[backblue.gif]
[fade.gif]
[index.html]
[cdn2.editmysite.com/css/sites8cfa.css]
[cdn2.editmysite.com/css/old/fancyboxe1d2.css]
[cdn2.editmysite.com/css/social-icons916a.css]
[jake11price1.weebly.com/files/templateArtifacts8a88.js]
[ajax.googleapis.com/ajax/libs/jquery/1.8.3/jquery.min.js]
[cdn2.editmysite.com/js/lang/en/stl86da.js]
[www.google.com/recaptcha/api.js]
[jake11price1.weebly.com/files/main_style8a88.css]
[cdn2.editmysite.com/js/site/main8cfa.js]
[cdn2.editmysite.com/images/site/footer/footer-toast-published-image-1.png]
[cdn2.editmysite.com/js/site/footerSignup8cfa.js]
[jake11price1.weebly.com/files/theme/plugins5213.js]
[jake11price1.weebly.com/files/theme/jquery.pxuMenu5213.js]
[jake11price1.weebly.com/files/theme/jquery.trend5213.js]
[jake11price1.weebly.com/files/theme/jquery.revealer5213.js]
[jake11price1.weebly.com/files/theme/debounce5213.js]
[jake11price1.weebly.com/files/theme/custom5213.js]
[jake11price1.weebly.com/index.html]
[cdn2.editmysite.com/js/wsnbn/snowday262.js]
[cdn2.editmysite.com/images/util/videojs/white-bar.png]
[cdn2.editmysite.com/images/util/videojs/@2x/white-bar.png]
[cdn2.editmysite.com/images/util/videojs/gradient.png]
[cdn2.editmysite.com/images/util/videojs/@2x/gradient.png]
[cdn2.editmysite.com/sprites/util/videojs-sacae758aa2.png]
[cdn2.editmysite.com/js/site/main-customer-accounts-site8cfa.js]
[cdn2.editmysite.com/sprites/util/videojs/@2x-s2aff7e7d9a.png]
[cdn2.editmysite.com/images/util/videojs/volume-filled.png]
[cdn2.editmysite.com/images/util/videojs/@2x/volume-filled.png]
[cdn2.editmysite.com/images/util/videojs/volume-mute.png]
[cdn2.editmysite.com/images/util/videojs/@2x/volume-mute.png]
[cdn2.editmysite.com/images/util/videojs/blue-bar.png]
[cdn2.editmysite.com/images/util/videojs/@2x/blue-bar.png]
[cdn2.editmysite.com/images/util/videojs/maximize-icon.png]
[cdn2.editmysite.com/images/util/videojs/@2x/maximize-icon.png]
[cdn2.editmysite.com/images/util/videojs/minimize-icon.png]
[cdn2.editmysite.com/images/util/videojs/@2x/minimize-icon.png]
[cdn2.editmysite.com/images/util/videojs/play-icon.png]
[cdn2.editmysite.com/images/util/videojs/@2x/play-icon.png]
[cdn2.editmysite.com/images/util/videojs/sad-face.png]
[cdn2.editmysite.com/images/util/videojs/@2x/sad-face.png]
[cdn2.editmysite.com/images/util/videojs/loading-icon.png]
[cdn2.editmysite.com/images/util/videojs/@2x/loading-icon.png]
[cdn2.editmysite.com/images/common/buttons/small_grey.png]
[cdn2.editmysite.com/images/common/buttons/small_blue.png]
[cdn2.editmysite.com/images/old/button/large_grey.png]
[cdn2.editmysite.com/images/common/buttons/large_blue.png]
[cdn2.editmysite.com/images/common/search-light.png]
[cdn2.editmysite.com/images/common/social_icons.png]
[cdn2.editmysite.com/images/common/blog/blog-comment-button.png]
[cdn2.editmysite.com/images/common/blog/blog-comment-header.png]
[cdn2.editmysite.com/images/common/blog/blog-comment-pointer.png]
[cdn2.editmysite.com/images/common/blog/blog-comment-link.png]
[cdn2.editmysite.com/images/common/blog/blog-comment-header-author.png]
[cdn2.editmysite.com/images/common/blog/blog-comment-pointer-author.png]
[cdn2.editmysite.com/images/common/blog/blog-comment-field-bg.png]
[cdn2.editmysite.com/images/common/blog/dark-blog-comment-header.png]
[cdn2.editmysite.com/images/common/blog/dark-blog-comment-pointer.png]
[cdn2.editmysite.com/images/common/blog/dark-blog-comment-header-author.png]
[cdn2.editmysite.com/images/common/blog/dark-blog-comment-pointer-author.png]
[cdn2.editmysite.com/images/common/blog/dark-blog-comment-link.png]
[cdn2.editmysite.com/images/util/general/blank.gif]
[cdn2.editmysite.com/images/common/lightbox/prevlabel.gif]
[cdn2.editmysite.com/images/common/lightbox/nextlabel.gif]
[cdn2.editmysite.com/sprites/util/inputs/checkmarkBox-s7868418152.png]
[cdn2.editmysite.com/sprites/util/inputs/checkmarkBox/@2x-s211a47d318.png]
[cdn2.editmysite.com/images/util/inputs/search-input-bg.jpg]
[cdn2.editmysite.com/images/common/magnifying-glass.png]
[cdn2.editmysite.com/images/common/checkmarks/checkmark-mini.png]
[cdn2.editmysite.com/images/common/checkmarks/@2x/checkmark-mini.png]
[cdn2.editmysite.com/images/common/search-pagination-bg.png]
[cdn2.editmysite.com/images/util/general/top-triangle-000.png]
[cdn2.editmysite.com/images/util/general/bottom-triangle-000.png]
[cdn2.editmysite.com/images/util/general/top-triangle-000@2x.png]
[cdn2.editmysite.com/images/util/general/bottom-triangle-000@2x.png]
[cdn2.editmysite.com/sprites/common/social-icons-s5ea5500bdb.png]
[cdn2.editmysite.com/sprites/common/social-icons/@2x-s0ae7d70c70.png]
[cdn2.editmysite.com/sprites/site/mini-cart-s86c48effae.png]
[cdn2.editmysite.com/sprites/site/mini-cart/@2x-s576cbc3f90.png]
[cdn2.editmysite.com/images/loading.gif]
[cdn2.editmysite.com/sprites/site/mobile/commerce-sdf6d4e852c.png]
[cdn2.editmysite.com/sprites/site/mobile/commerce/@2x-s82f968c453.png]
[cdn2.editmysite.com/images/site/checkout/paypal.png]
[cdn2.editmysite.com/images/site/checkout/@2x/paypal.png]
[cdn2.editmysite.com/images/site/checkout/credit-cards.png]
[cdn2.editmysite.com/images/site/checkout/@2x/credit-cards.png]
[cdn2.editmysite.com/images/site/checkout/print.png]
[cdn2.editmysite.com/images/site/checkout/print@2x.png]
[cdn2.editmysite.com/images/vendor/select2/select2.png]
[cdn2.editmysite.com/images/vendor/select2/select2-spinner.gif]
[cdn2.editmysite.com/images/vendor/select2/select2x2.png]
[cdn2.editmysite.com/images/util/spinner/spinner-dark.png]
[cdn2.editmysite.com/images/util/spinner/spinner-light.png]
[cdn2.editmysite.com/images/util/loading-white-w24.gif]
[cdn2.editmysite.com/images/common/form_input_bg.gif]
[cdn2.editmysite.com/sprites/site/forms-s3786257308.png]
[cdn2.editmysite.com/sprites/site/forms/@2x-s47607b315a.png]
[cdn2.editmysite.com/images/blank.gif]
[cdn2.editmysite.com/images/old/photoswipe/loader.gif]
[cdn2.editmysite.com/images/old/photoswipe/error.gif]
[cdn2.editmysite.com/images/old/photoswipe/icons.png]
[cdn2.editmysite.com/images/old/photoswipe/icons@2x.png]
[cdn2.editmysite.com/css/sites8cfa.css]
[cdn2.editmysite.com/images/old/fancybox/fancybox_sprite.png]
[cdn2.editmysite.com/images/old/fancybox/fancybox_loading.gif]
[cdn2.editmysite.com/images/old/fancybox/blank.gif]
[cdn2.editmysite.com/images/old/fancybox/fancybox_overlay.png]
[cdn2.editmysite.com/css/old/fancyboxe1d2.css]
[cdn2.editmysite.com/css/social-icons916a.css]
[jake11price1.weebly.com/files/theme/images/button-arrow-black8a88.svg]
[jake11price1.weebly.com/files/theme/images/button-arrow-white8a88.svg]
[jake11price1.weebly.com/files/theme/images/quotes8a88.png]
[jake11price1.weebly.com/files/theme/images/close8a88.svg]
[jake11price1.weebly.com/files/theme/images/default-bg8a88.jpg]
[jake11price1.weebly.com/files/main_style8a88.css]
[jake11price1.weebly.com/files/templateArtifacts8a88.js]
[cdn2.editmysite.com/js/lang/en/stl86da.js]
[cdn2.editmysite.com/js/site/main8cfa.js]
[jake11price1.weebly.com/_/uploads/1/3/2/9/132958165/background-images/2134783539.html]
[cdn2.editmysite.com/js/site/footerSignup8cfa.js]
[jake11price1.weebly.com/store/checkout/index.html]
[cdn2.editmysite.com/js/site/main-customer-accounts-site8cfa.js]
[cdn2.editmysite.com/js/wsnbn/snowday262.js]
[jake11price1.weebly.com/o.html]
[jake11price1.weebly.com/mustache.html]
[jake11price1.weebly.com/formSubmit.html]
[jake11price1.weebly.com/formSubmitAjax.html]
[jake11price1.weebly.com/weebly/libraries/videojs/video-js.html]
[jake11price1.weebly.com/AppleWebKit/index.html]
[jake11price1.weebly.com/Mobile/index.html]
[cdn2.editmysite.com/js/site/commerce-core8cfa.js]
[jake11price1.weebly.com/store/checkout/index.html]
[jake11price1.weebly.com/ecommerce.html]
[jake11price1.weebly.com/store/account/index.html]
[jake11price1.weebly.com/images/customer-accounts/arrow-left.html]
[jake11price1.weebly.com/images/customer-accounts/check.html]
[jake11price1.weebly.com/images/customer-accounts/close-icon.html]
[jake11price1.weebly.com/dist/index.html]
[jake11price1.weebly.com/ABCDEFGHIJKLMNOPQRSTUVWXYZabcdefghijklmnopqrstuvwxyz0123456789+/index.html]
[jake11price1.weebly.com/payload.html]
[jake11price1.weebly.com/POST.html]
[cdn2.editmysite.com/js/site/commerce-core8cfa.js]
[cdn2.editmysite.com/js/site/checkout-app8cfa.js]
[cdn2.editmysite.com/js/site/checkout-app8cfa.js]
[jake11price1.weebly.com/store/checkout/$1/index.html]
[jake11price1.weebly.com/store/checkout/$&/index.html]
[jake11price1.weebly.com/store/checkout/POST.html]
[jake11price1.weebly.com/store/checkout/edge/index.html]
[jake11price1.weebly.com/store/checkout/AppleWebKit/index.html]
[jake11price1.weebly.com/store/checkout/Mobile/index.html]
[jake11price1.weebly.com/store/checkout/CriOS/index.html]
[jake11price1.weebly.com/store/checkout/index5da2.html]
[jake11price1.weebly.com/store/checkout/indexfc50.html]
[jake11price1.weebly.com/store/checkout/indexfc50.html]
[jake11price1.weebly.com/store/checkout/index5da2.html]
